// Jest Snapshot v1, https://goo.gl/fbAQLP

exports[`should render EditExpense correctly 1`] = `
<div>
  <div
    className="page-header"
  >
    <div
      className="container"
    >
      <h1
        className="page-title"
      >
        Edit Expense
      </h1>
    </div>
  </div>
  <div
    className="container"
  >
    <ExpenseForm
      expense={
        Object {
          "amount": 0,
          "createdAt": 0,
          "description": "new expense",
          "id": "1",
          "note": "",
        }
      }
      onSubmit={[Function]}
    />
    <div
      className="container"
    >
      <div
        className="input-group"
      >
        <button
          className="btn btn--sec"
          onClick={[Function]}
        >
          Delete item
        </button>
      </div>
    </div>
  </div>
</div>
`;
