// Jest Snapshot v1, https://goo.gl/fbAQLP

exports[`should render LoginPage correctly 1`] = `
<div
  className="box-layout"
>
  <div
    className="box-layout__box"
  >
    <h1
      className="box-layout__title"
    >
      Expensify
    </h1>
    <h3>
      It's time to get your expenses under control
    </h3>
    <button
      className="btn btn__google"
      onClick={[Function]}
    >
      Login with Google
    </button>
    <button
      className="btn btn__twitter"
      onClick={[Function]}
    >
      Login with Google
    </button>
  </div>
</div>
`;
